Jul 05 23:42:48 srv896300 systemd[1]: Starting A high performance web server and a reverse proxy server...
Jul 05 23:42:48 srv896300 systemd[1]: Started A high performance web server and a reverse proxy server.
root@srv896300:/var/www/excalibur-cuba/ExcaliburGenerator# ls -la /etc/letsencrypt/live/31.97.77.135/
ls: cannot access '/etc/letsencrypt/live/31.97.77.135/': No such file or directory
root@srv896300:/var/www/excalibur-cuba/ExcaliburGenerator# cd /var/www/excalibur-cuba/ExcaliburGenerator
root@srv896300:/var/www/excalibur-cuba/ExcaliburGenerator# curl -X POST http://localhost:5000/api/admin/login \
  -H "Content-Type: application/json" \
  -d '{"username":"excalibur_admin","password":"admin123"}' \
  -c cookies.txt
{"success":true,"user":{"id":1,"username":"excalibur_admin","email":"admin@excalibur-cuba.com","firstName":"Admin","lastName":"User","role":"admin","isActive":true,"createdAt":"2025-07-05T23:36:05.874Z","updatedAt":"2025-07-05T23:36:05.874Z"}}root@srv896300:/var/www/excalibur-cuba/ExcaliburGenerator# curl -b cookies.txt http://localhost:5000/api/admin/user
root@srv896300:/var/www/excalibur-cuba/ExcaliburGenerator# cat > .env << 'EOF'rator# cat > .env << 'EOF'
NODE_ENV=production
DATABASE_URL=postgresql://excalibur_user:SecurePass2025@localhost:5432/excalibur_cuba
SESSION_SECRET=excalibur-cuba-secret-2025-secure-key-production
PORT=5000
EOF
root@srv896300:/var/www/excalibur-cuba/ExcaliburGenerator# systemctl restart excalibur-cuba
root@srv896300:/var/www/excalibur-cuba/ExcaliburGenerator# sleep 5
root@srv896300:/var/www/excalibur-cuba/ExcaliburGenerator# curl -X POST http://localhost:5000/api/admin/login \
  -H "Content-Type: application/json" \
  -d '{"username":"excalibur_admin","password":"admin123"}' \
  -c cookies.txt \
  -v
Note: Unnecessary use of -X or --request, POST is already inferred.
*   Trying 127.0.0.1:5000...
* Connected to localhost (127.0.0.1) port 5000 (#0)
> POST /api/admin/login HTTP/1.1
> Host: localhost:5000
> User-Agent: curl/7.81.0
> Accept: */*
> Content-Type: application/json
> Content-Length: 52
>
* Mark bundle as not supporting multiuse
< HTTP/1.1 200 OK
< X-Powered-By: Express
< Content-Type: application/json; charset=utf-8
< Content-Length: 243
< ETag: W/"f3-UiyPloV6Rmk8eax7EtGkRxnp/5Q"
< Date: Sat, 05 Jul 2025 23:45:59 GMT
< Connection: keep-alive
< Keep-Alive: timeout=5
<
* Connection #0 to host localhost left intact
{"success":true,"user":{"id":1,"username":"excalibur_admin","email":"admin@excalibur-cuba.com","firstName":"Admin","lastName":"User","role":"admin","isActive":true,"createdAt":"2025-07-05T23:36:05.874Z","updatedAt":"2025-07-05T23:36:05.874Z"}}root@srv896300:/var/www/excalibur-cuba/ExcaliburGenerator# curl -b cookies.txt http://localhost:5000/api/admin/user -v
*   Trying 127.0.0.1:5000...
* Connected to localhost (127.0.0.1) port 5000 (#0)
> GET /api/admin/user HTTP/1.1
> Host: localhost:5000
> User-Agent: curl/7.81.0
> Accept: */*
>
* Mark bundle as not supporting multiuse
< HTTP/1.1 401 Unauthorized
< X-Powered-By: Express
< Content-Type: application/json; charset=utf-8
< Content-Length: 26
< ETag: W/"1a-pljHtlo127JYJR4E/RYOPb6ucbw"
< Date: Sat, 05 Jul 2025 23:46:05 GMT
< Connection: keep-alive
< Keep-Alive: timeout=5
<
* Connection #0 to host localhost left intact
{"message":"Unauthorized"}root@srv896300:/var/www/excalibur-cuba/ExcaliburGenerator#
